// Jest Snapshot v1, https://goo.gl/fbAQLP

exports[`Card render properly 1`] = `
<PublicDraggable
  draggableId={0}
  index={0}
>
  <Component />
</PublicDraggable>
`;
