// Jest Snapshot v1, https://goo.gl/fbAQLP

exports[`Board render properly 1`] = `
<div
  className="board"
>
  <TaskList
    cards={
      Array [
        Object {
          "duration": 1,
          "id": "0",
          "index": 0,
          "severity": "hight",
          "type": "feature",
        },
        Object {
          "duration": 2,
          "id": "1",
          "index": 1,
          "severity": "medium",
          "type": "research",
        },
        Object {
          "duration": 3,
          "id": "2",
          "index": 2,
          "severity": "low",
          "type": "update",
        },
      ]
    }
    id="0"
    key="Backlog"
    title="Backlog"
  />
  <TaskList
    cards={
      Array [
        Object {
          "duration": 1,
          "id": "0",
          "index": 0,
          "severity": "hight",
          "type": "feature",
        },
        Object {
          "duration": 2,
          "id": "1",
          "index": 1,
          "severity": "medium",
          "type": "research",
        },
        Object {
          "duration": 3,
          "id": "2",
          "index": 2,
          "severity": "low",
          "type": "update",
        },
      ]
    }
    id="1"
    key="To do "
    title="To do "
  />
  <TaskList
    cards={
      Array [
        Object {
          "duration": 1,
          "id": "0",
          "index": 0,
          "severity": "hight",
          "type": "feature",
        },
        Object {
          "duration": 2,
          "id": "1",
          "index": 1,
          "severity": "medium",
          "type": "research",
        },
        Object {
          "duration": 3,
          "id": "2",
          "index": 2,
          "severity": "low",
          "type": "update",
        },
      ]
    }
    id="2"
    key="Done"
    title="Done"
  />
</div>
`;
